// Jest Snapshot v1, https://goo.gl/fbAQLP

exports[`Carousel component should match snapshot 1`] = `
<div>
  <div
    class="vtex-carousel"
  >
    <div
      style="max-height: 440px;"
    >
      <div>
        <a>
          <div
            class="img-container"
          >
            <img
              alt="banner"
              class="img-regular w-100"
              src="https://raw.githubusercontent.com/vtex-apps/carousel/master/images/banners-01.png"
            />
            <div
              class="img-mobile"
              style="max-height: 339px;"
            >
              <img
                alt="banner"
                class="w-100"
                src="https://raw.githubusercontent.com/vtex-apps/carousel/master/images/banners-mobile-01.png"
              />
            </div>
          </div>
        </a>
      </div>
    </div>
    <div
      style="max-height: 440px;"
    >
      <div>
        <a>
          <div
            class="img-container"
          >
            <img
              alt="banner"
              class="img-regular w-100"
              src="https://raw.githubusercontent.com/vtex-apps/carousel/master/images/banners-02.png"
            />
            <div
              class="img-mobile"
              style="max-height: 339px;"
            >
              <img
                alt="banner"
                class="w-100"
                src="https://raw.githubusercontent.com/vtex-apps/carousel/master/images/banners-mobile-02.png"
              />
            </div>
          </div>
        </a>
      </div>
    </div>
    <div
      style="max-height: 440px;"
    >
      <div>
        <a>
          <div
            class="img-container"
          >
            <img
              alt="banner"
              class="img-regular w-100"
              src="https://raw.githubusercontent.com/vtex-apps/carousel/master/images/banners-03.png"
            />
            <div
              class="img-mobile"
              style="max-height: 339px;"
            >
              <img
                alt="banner"
                class="w-100"
                src="https://raw.githubusercontent.com/vtex-apps/carousel/master/images/banners-mobile-03.png"
              />
            </div>
          </div>
        </a>
      </div>
    </div>
  </div>
</div>
`;
